[0;34mℹ[0m Resolving environment variables...
[0;34mℹ[0m Starting integration test run...

[0;32m✓[0m Docker is running
[0;32m✓[0m Docker Compose V2 available
[0;32m✓[0m Test results directory: /d/code/tyl/azure-devops-analyzer/test-results/

[0;34mℹ[0m Running GitHub AND Azure DevOps tests with LIVE API...
[1;33m⚠[0m This will hit real external APIs - may be slow and count against rate limits

time="2026-01-25T20:42:59Z" level=warning msg="The \"AZURE_DEVOPS_ORG_NAME\" variable is not set. Defaulting to a blank string."
 Network analyzer-test-network Creating 
 Network analyzer-test-network Created 
 Container analyzer-test-db Creating 
 Container analyzer-test-db Created 
 Container analyzer-test-migrations Creating 
 Container analyzer-test-migrations Created 
 Container analyzer-test-db Starting 
 Container analyzer-test-db Started 
 Container analyzer-test-db Waiting 
 Container analyzer-test-db Healthy 
 Container analyzer-test-migrations Starting 
 Container analyzer-test-migrations Started 
 Container analyzer-test-db Waiting 
 Container analyzer-test-migrations Waiting 
 Container analyzer-test-db Healthy 
 Container analyzer-test-migrations Exited 
 Container azure-devops-analyzer-test-runner-run-c145882b90e7 Creating 
 Container azure-devops-analyzer-test-runner-run-c145882b90e7 Created 
Defaulting to user installation because normal site-packages is not writeable
Requirement already satisfied: pytest in /usr/local/lib/python3.12/site-packages (9.0.2)
Requirement already satisfied: pytest-cov in /usr/local/lib/python3.12/site-packages (7.0.0)
Requirement already satisfied: pytest-asyncio in /usr/local/lib/python3.12/site-packages (1.3.0)
Requirement already satisfied: pytest-mock in /usr/local/lib/python3.12/site-packages (3.15.1)
Requirement already satisfied: iniconfig>=1.0.1 in /usr/local/lib/python3.12/site-packages (from pytest) (2.3.0)
Requirement already satisfied: packaging>=22 in /usr/local/lib/python3.12/site-packages (from pytest) (25.0)
Requirement already satisfied: pluggy<2,>=1.5 in /usr/local/lib/python3.12/site-packages (from pytest) (1.6.0)
Requirement already satisfied: pygments>=2.7.2 in /usr/local/lib/python3.12/site-packages (from pytest) (2.19.2)
Requirement already satisfied: coverage>=7.10.6 in /usr/local/lib/python3.12/site-packages (from coverage[toml]>=7.10.6->pytest-cov) (7.13.1)
Requirement already satisfied: typing-extensions>=4.12 in /usr/local/lib/python3.12/site-packages (from pytest-asyncio) (4.15.0)

[notice] A new release of pip is available: 25.0.1 -> 25.3
[notice] To update, run: pip install --upgrade pip

[OK] GITHUB_TOKEN loaded successfully from unknown
  Token starts with: github_pat_11ACUN6LY...
============================= test session starts ==============================
platform linux -- Python 3.12.12, pytest-9.0.2, pluggy-1.6.0 -- /usr/local/bin/python3.12
cachedir: .pytest_cache
rootdir: /app
plugins: mock-3.15.1, asyncio-1.3.0, cov-7.0.0, anyio-4.12.1
asyncio: mode=Mode.STRICT, debug=False, asyncio_default_fixture_loop_scope=None, asyncio_default_test_loop_scope=function
collecting ... collected 35 items / 17 deselected / 18 selected

tests/contract/integration/test_azure_devops_extraction_e2e.py::TestAzureDevOpsExtractionBasic::test_extract_repository_stores_metadata PASSED [  5%]
tests/contract/integration/test_azure_devops_extraction_e2e.py::TestAzureDevOpsExtractionBasic::test_extract_tracks_branches PASSED [ 11%]
tests/contract/integration/test_azure_devops_extraction_e2e.py::TestAzureDevOpsExtractionBasic::test_extract_commits_stores_metadata PASSED [ 16%]
tests/contract/integration/test_azure_devops_extraction_e2e.py::TestAzureDevOpsLanguageDetection::test_extract_languages_from_repo PASSED [ 22%]
tests/contract/integration/test_azure_devops_extraction_e2e.py::TestAzureDevOpsTechnologyDetection::test_detect_technologies_from_repo PASSED [ 27%]
tests/contract/integration/test_dependency_enrichment_e2e.py::TestDependencyExtractionE2E::test_dependencies_extracted_and_stored PASSED [ 33%]
tests/contract/integration/test_dependency_enrichment_e2e.py::TestDependencyExtractionE2E::test_dependencies_enriched_with_latest_versions PASSED [ 38%]
tests/contract/integration/test_dependency_enrichment_e2e.py::TestDependencyExtractionE2E::test_eol_detection_populated PASSED [ 44%]
tests/contract/integration/test_dependency_enrichment_e2e.py::TestVulnerabilityStorageE2E::test_vulnerabilities_stored PASSED [ 50%]
tests/contract/integration/test_github_extraction_e2e.py::TestGitHubExtractionBasic::test_extract_small_repo_stores_metadata PASSED [ 55%]
tests/contract/integration/test_github_extraction_e2e.py::TestGitHubExtractionBasic::test_private_repo_flags_stored PASSED [ 61%]
tests/contract/integration/test_github_extraction_e2e.py::TestGitHubExtractionBasic::test_extract_tracks_branches PASSED [ 66%]
tests/contract/integration/test_github_extraction_e2e.py::TestGitHubExtractionBasic::test_extract_tracks_commits PASSED [ 72%]
tests/contract/integration/test_github_extraction_e2e.py::TestGitHubExtractionBasic::test_extract_tracks_contributors PASSED [ 77%]
tests/contract/integration/test_github_extraction_e2e.py::TestGitHubExtractionDataIntegrity::test_foreign_key_relationships PASSED [ 83%]
tests/contract/integration/test_github_extraction_e2e.py::TestGitHubLanguageDetection::test_extract_languages_from_repo PASSED [ 88%]
tests/contract/integration/test_github_extraction_e2e.py::TestGitHubLanguageDetection::test_language_detection_no_languages PASSED [ 94%]
tests/contract/integration/test_github_extraction_e2e.py::TestGitHubTechnologyDetection::test_detect_technologies_from_repo PASSED [100%]

=============================== warnings summary ===============================
../usr/local/lib/python3.12/site-packages/_pytest/cacheprovider.py:475
  /usr/local/lib/python3.12/site-packages/_pytest/cacheprovider.py:475: PytestCacheWarning: could not create cache path /app/.pytest_cache/v/cache/nodeids: [Errno 13] Permission denied: '/app/pytest-cache-files-v00a_q7g'
    config.cache.set("cache/nodeids", sorted(self.cached_nodeids))

-- Docs: https://docs.pytest.org/en/stable/how-to/capture-warnings.html
----------- generated xml file: /app/test-results/junit-live-api.xml -----------
================ 18 passed, 17 deselected, 1 warning in 16.54s =================

[0;32m✓[0m All tests passed! 🎉

[0;34mℹ[0m Test results available at:
  - JUnit XML: /d/code/tyl/azure-devops-analyzer/test-results/junit.xml
  - Coverage:  /d/code/tyl/azure-devops-analyzer/test-results/coverage/index.html

[0;34mℹ[0m Cleaning up test environment...
[0;32m✓[0m Cleanup complete
